// Jest Snapshot v1, https://goo.gl/fbAQLP

exports[`open webview 1`] = `
{
  "dark": "/some/uri/assets/marquee-tab.svg",
  "light": "/some/uri/assets/marquee-tab.svg",
}
`;

exports[`open webview 2`] = `
[
  [
    "<html></html>",
    {
      "aws": {
        "id": "foobar",
      },
      "baseAppUri": "some url",
      "baseUrl": "http://BACKEND_BASE_URL.com",
      "childSrc": [
        "https://www.youtube.com",
        "https://player.vimeo.com",
        "https://fast.wistia.net",
      ],
      "colorScheme": "transparent",
      "connectSrc": [
        "undefined://undefined",
        "https://*.ingest.sentry.io",
        "https://api.stateful.com",
        "https://api.staging.stateful.com",
        "https://api.activecove.com",
        "https://api.staging.activecove.com",
      ],
      "cspSource": "csp-source",
      "customWidgetCounter": 0,
      "fontSize": 1,
      "fwdGeoUrl": "http://BACKEND_FWDGEO_URL.com",
      "nonce": "MzlkMmY4NTgtMzUyMi00MDUzLWJlYjgtYjc1YTFkZWZkMWQy",
      "props": {
        "some": "props",
      },
      "widgetScripts": [],
      "widgetStateConfigurations": "eyJ1bmRlZmluZWQiOnsiY29uZmlndXJhdGlvbiI6e30sInN0YXRlIjp7fX19",
    },
  ],
]
`;
