// Jest Snapshot v1, https://goo.gl/fbAQLP

exports[`WidgetLayout filters non display widgets 1`] = `{}`;
