// Jest Snapshot v1, https://goo.gl/fbAQLP

exports[`SnippetStorageProvider getDirectory 1`] = `
[
  [
    "/foo/bar",
    "1",
  ],
  [
    "/bar/foo",
    "1",
  ],
]
`;

exports[`SnippetStorageProvider readFile 1`] = `
Uint8Array [
  102,
  111,
  111,
  98,
  97,
  114,
]
`;
