// Jest Snapshot v1, https://goo.gl/fbAQLP

exports[`with path as icon only 1`] = `
[
  [
    {
      "west": {
        "execCommands": [
          {
            "args": [
              {
                "item": {
                  "body": "foobar",
                  "id": "foobar",
                  "path": "/foo/bar:42",
                  "workspaceId": null,
                },
              },
            ],
            "command": "marquee.link",
          },
        ],
      },
    },
  ],
]
`;
