// Jest Snapshot v1, https://goo.gl/fbAQLP

exports[`jumpTo 1`] = `
[
  [
    {
      "west": {
        "execCommands": [
          {
            "args": [
              {
                "item": {
                  "foo": "bar",
                },
              },
            ],
            "command": "marquee.link",
          },
        ],
      },
    },
  ],
]
`;
