// Jest Snapshot v1, https://goo.gl/fbAQLP

exports[`should return expected interface 1`] = `
[
  [
    {
      "error": null,
      "tricks": [],
    },
  ],
  [
    {
      "error": null,
      "tricks": [
        {
          "active": true,
          "notify": true,
          "title": "foobar",
        },
      ],
    },
  ],
  [
    {
      "error": [Error: ups],
    },
  ],
]
`;
