// Jest Snapshot v1, https://goo.gl/fbAQLP

exports[`renders component correctly 1`] = `
[
  [
    {
      "west": {
        "upvote": {
          "id": "-MuKr7KhHYODGehy0G0B",
        },
      },
    },
  ],
]
`;
