// Jest Snapshot v1, https://goo.gl/fbAQLP

exports[`Extension Manager should fail properly 1`] = `
[
  [
    "isLoading",
    true,
  ],
  [
    "isLoading",
    false,
  ],
  [
    "error",
    {
      "message": "Fetching NPM stats failed: Network Error",
    },
  ],
]
`;

exports[`Extension Manager should successfully fetch data 1`] = `
[
  [
    "isLoading",
    true,
  ],
  [
    "isLoading",
    false,
  ],
  [
    "error",
    {
      "message": "Fetching NPM stats failed: Network Error",
    },
  ],
]
`;
